../Core/Src/main.c:83:5:main	80	static
../Core/Src/main.c:149:6:SystemClock_Config	88	static
../Core/Src/main.c:196:13:MX_ADC1_Init	24	static
../Core/Src/main.c:248:13:MX_I2C1_Init	8	static
../Core/Src/main.c:282:13:MX_SPI2_Init	8	static
../Core/Src/main.c:320:13:MX_TIM2_Init	72	static
../Core/Src/main.c:385:13:MX_TIM10_Init	24	static
../Core/Src/main.c:430:13:MX_TIM11_Init	40	static
../Core/Src/main.c:476:13:MX_USART1_UART_Init	8	static
../Core/Src/main.c:509:13:MX_USART2_UART_Init	8	static
../Core/Src/main.c:542:13:MX_GPIO_Init	48	static
../Core/Src/main.c:578:6:Error_Handler	4	static,ignoring_inline_asm
