../Core/Src/main.c:83:5:main	8	static
../Core/Src/main.c:134:6:SystemClock_Config	88	static
../Core/Src/main.c:181:13:MX_ADC1_Init	24	static
../Core/Src/main.c:233:13:MX_I2C1_Init	8	static
../Core/Src/main.c:267:13:MX_SPI2_Init	8	static
../Core/Src/main.c:305:13:MX_TIM2_Init	72	static
../Core/Src/main.c:370:13:MX_TIM10_Init	24	static
../Core/Src/main.c:415:13:MX_TIM11_Init	40	static
../Core/Src/main.c:461:13:MX_USART1_UART_Init	8	static
../Core/Src/main.c:494:13:MX_USART2_UART_Init	8	static
../Core/Src/main.c:527:13:MX_GPIO_Init	48	static
../Core/Src/main.c:563:6:Error_Handler	4	static,ignoring_inline_asm
