21:38:44 **** Incremental Build of configuration Debug for project Startup-Project-411 ****
make -j7 all 
arm-none-eabi-gcc "../Src/syscalls.c" -mcpu=cortex-m4 -std=gnu11 -g3 -DDEBUG -DNUCLEO_F411RE -DSTM32 -DSTM32F4 -DSTM32F411RETx -c -I../Inc -O0 -ffunction-sections -fdata-sections -Wall -fstack-usage -MMD -MP -MF"Src/syscalls.d" -MT"Src/syscalls.o" --specs=nano.specs -mfloat-abi=soft -mthumb -o "Src/syscalls.o"
arm-none-eabi-gcc -o "Startup-Project-411.elf" @"objects.list"   -mcpu=cortex-m4 -T"/Users/martin/STM32CubeIDE/STM32-Projects/USB/Startup-Project-411/STM32F411RETX_FLASH.ld" --specs=nosys.specs -Wl,-Map="Startup-Project-411.map" -Wl,--gc-sections -static --specs=nano.specs -mfloat-abi=soft -mthumb -Wl,--start-group -lc -lm -Wl,--end-group
Finished building target: Startup-Project-411.elf
 
arm-none-eabi-size   Startup-Project-411.elf 
arm-none-eabi-objdump -h -S  Startup-Project-411.elf  > "Startup-Project-411.list"
   text	   data	    bss	    dec	    hex	filename
   3764	    108	   1588	   5460	   1554	Startup-Project-411.elf
Finished building: default.size.stdout
 
Finished building: Startup-Project-411.list
 
21:39:58 **** Incremental Build of configuration Debug for project Startup-Project-411 ****
make -j7 all 
arm-none-eabi-size   Startup-Project-411.elf 
   text	   data	    bss	    dec	    hex	filename
   3764	    108	   1588	   5460	   1554	Startup-Project-411.elf
Finished building: default.size.stdout
 
