14:44:12 **** Incremental Build of configuration Debug for project ST-411RE ****
make -j7 all 
arm-none-eabi-gcc "../Core/Src/main.c" -mcpu=cortex-m4 -std=gnu11 -g3 -DDEBUG -DUSE_HAL_DRIVER -DSTM32F411xE -c -I../Core/Inc -I../Drivers/STM32F4xx_HAL_Driver/Inc -I../Drivers/STM32F4xx_HAL_Driver/Inc/Legacy -I../Drivers/CMSIS/Device/ST/STM32F4xx/Include -I../Drivers/CMSIS/Include -O0 -ffunction-sections -fdata-sections -Wall -fstack-usage -MMD -MP -MF"Core/Src/main.d" -MT"Core/Src/main.o" --specs=nano.specs -mfpu=fpv4-sp-d16 -mfloat-abi=hard -mthumb -o "Core/Src/main.o"
../Core/Src/main.c: In function 'main':
../Core/Src/main.c:124:22: warning: unused variable 'p_uart' [-Wunused-variable]
  124 |   UART_HandleTypeDef p_uart;
      |                      ^~~~~~
arm-none-eabi-gcc -o "ST-411RE.elf" @"objects.list"   -mcpu=cortex-m4 -T"/Users/martin/STM32CubeIDE/STM32-Projects/USB/ST-411RE/STM32F411RETX_FLASH.ld" --specs=nosys.specs -Wl,-Map="ST-411RE.map" -Wl,--gc-sections -static --specs=nano.specs -mfpu=fpv4-sp-d16 -mfloat-abi=hard -mthumb -Wl,--start-group -lc -lm -Wl,--end-group
Finished building target: ST-411RE.elf
 
arm-none-eabi-size   ST-411RE.elf 
arm-none-eabi-objdump -h -S  ST-411RE.elf  > "ST-411RE.list"
   text	   data	    bss	    dec	    hex	filename
  15988	     20	   2164	  18172	   46fc	ST-411RE.elf
Finished building: default.size.stdout
 
Finished building: ST-411RE.list
 
