10:49:44 **** Build of configuration Debug for project Startup-Project-746 ****
make -j7 all 
arm-none-eabi-gcc -mcpu=cortex-m7 -g3 -DDEBUG -c -x assembler-with-cpp -MMD -MP -MF"Startup/startup_stm32f746nghx.d" -MT"Startup/startup_stm32f746nghx.o" --specs=nano.specs -mfpu=fpv5-sp-d16 -mfloat-abi=hard -mthumb -o "Startup/startup_stm32f746nghx.o" "../Startup/startup_stm32f746nghx.s"
arm-none-eabi-gcc "../Src/main.c" -mcpu=cortex-m7 -std=gnu11 -g3 -DDEBUG -DSTM32 -DSTM32F746NGHx -DSTM32F746G_DISCO -DSTM32F7 -c -I"/Users/martin/STM32CubeIDE/STM32-Projects/USB/Startup-Project-746/drivers/Inc" -I"/Users/martin/STM32CubeIDE/STM32-Projects/USB/Startup-Project-746/Inc" -O0 -ffunction-sections -fdata-sections -Wall -fstack-usage -MMD -MP -MF"Src/main.d" -MT"Src/main.o" --specs=nano.specs -mfpu=fpv5-sp-d16 -mfloat-abi=hard -mthumb -o "Src/main.o"
arm-none-eabi-gcc "../Src/syscalls.c" -mcpu=cortex-m7 -std=gnu11 -g3 -DDEBUG -DSTM32 -DSTM32F746NGHx -DSTM32F746G_DISCO -DSTM32F7 -c -I"/Users/martin/STM32CubeIDE/STM32-Projects/USB/Startup-Project-746/drivers/Inc" -I"/Users/martin/STM32CubeIDE/STM32-Projects/USB/Startup-Project-746/Inc" -O0 -ffunction-sections -fdata-sections -Wall -fstack-usage -MMD -MP -MF"Src/syscalls.d" -MT"Src/syscalls.o" --specs=nano.specs -mfpu=fpv5-sp-d16 -mfloat-abi=hard -mthumb -o "Src/syscalls.o"
arm-none-eabi-gcc "../Src/sysmem.c" -mcpu=cortex-m7 -std=gnu11 -g3 -DDEBUG -DSTM32 -DSTM32F746NGHx -DSTM32F746G_DISCO -DSTM32F7 -c -I"/Users/martin/STM32CubeIDE/STM32-Projects/USB/Startup-Project-746/drivers/Inc" -I"/Users/martin/STM32CubeIDE/STM32-Projects/USB/Startup-Project-746/Inc" -O0 -ffunction-sections -fdata-sections -Wall -fstack-usage -MMD -MP -MF"Src/sysmem.d" -MT"Src/sysmem.o" --specs=nano.specs -mfpu=fpv5-sp-d16 -mfloat-abi=hard -mthumb -o "Src/sysmem.o"
arm-none-eabi-gcc -o "Startup-Project-746.elf" @"objects.list"   -mcpu=cortex-m7 -T"/Users/martin/STM32CubeIDE/STM32-Projects/USB/Startup-Project-746/STM32F746NGHX_FLASH.ld" --specs=nosys.specs -Wl,-Map="Startup-Project-746.map" -Wl,--gc-sections -static --specs=nano.specs -mfpu=fpv5-sp-d16 -mfloat-abi=hard -mthumb -Wl,--start-group -lc -lm -Wl,--end-group
Finished building target: Startup-Project-746.elf
 
arm-none-eabi-size   Startup-Project-746.elf 
arm-none-eabi-objdump -h -S  Startup-Project-746.elf  > "Startup-Project-746.list"
   text	   data	    bss	    dec	    hex	filename
    708	      8	   1568	   2284	    8ec	Startup-Project-746.elf
Finished building: default.size.stdout
 
Finished building: Startup-Project-746.list
 

10:49:44 Build Finished. 0 errors, 0 warnings. (took 486ms)

