14:30:05 **** Incremental Build of configuration Debug for project Startup-Project-407 ****
make -j7 all 
arm-none-eabi-gcc "../Src/main.c" -mcpu=cortex-m4 -std=gnu11 -g3 -DDEBUG -DSTM32 -DSTM32F407G_DISC1 -DSTM32F4 -DSTM32F407VGTx -c -I../Inc -I"/Users/martin/STM32CubeIDE/STM32-Projects/USB/Startup-Project-407/Drivers/Inc" -O0 -ffunction-sections -fdata-sections -Wall -fstack-usage -MMD -MP -MF"Src/main.d" -MT"Src/main.o" --specs=nano.specs -mfloat-abi=soft -mthumb -o "Src/main.o"
arm-none-eabi-gcc -o "Startup-Project-407.elf" @"objects.list"   -mcpu=cortex-m4 -T"/Users/martin/STM32CubeIDE/STM32-Projects/USB/Startup-Project-407/STM32F407VGTX_FLASH.ld" --specs=nosys.specs -Wl,-Map="Startup-Project-407.map" -Wl,--gc-sections -static --specs=nano.specs -mfloat-abi=soft -mthumb -Wl,--start-group -lc -lm -Wl,--end-group
Finished building target: Startup-Project-407.elf
 
arm-none-eabi-size   Startup-Project-407.elf 
arm-none-eabi-objdump -h -S  Startup-Project-407.elf  > "Startup-Project-407.list"
   text	   data	    bss	    dec	    hex	filename
    676	      8	   1568	   2252	    8cc	Startup-Project-407.elf
Finished building: default.size.stdout
 
Finished building: Startup-Project-407.list
 

14:30:06 Build Finished. 0 errors, 0 warnings. (took 752ms)

